******************************************************************************
            TI ARM Clang Linker PC v3.2.1                      
******************************************************************************
>> Linked Sun Oct 13 18:02:09 2024

OUTPUT FILE NAME:   <ns_coap_node_src_LP_CC1352P7_1_tirtos7_ticlang.out>
ENTRY POINT SYMBOL: "ResetISR"  address: 00082689


MEMORY CONFIGURATION

         name            origin    length      used     unused   attr    fill
----------------------  --------  ---------  --------  --------  ----  --------
  FLASH                 00000000   000ae000  00086c1c  000273e4  R  X
  FLASH_LAST            000ae000   00002000  00002000  00000000  R  X
  SRAM                  20000000   00024000  0000e63c  000159c4  RW X


SEGMENT ALLOCATION MAP

run origin  load origin   length   init length attrs members
----------  ----------- ---------- ----------- ----- -------
00000000    00000000    0000340c   0000340c    r--
  00000000    00000000    0000003c   0000003c    r-- .resetVecs
  00000040    00000040    000033cc   000033cc    r-- .rodata
0000340c    0000340c    00000008   00000008    rw-
  0000340c    0000340c    00000008   00000008    rw- .args
00003420    00003420    0007f80c   0007f80c    r-x
  00003420    00003420    0007f318   0007f318    r-x .text.1
  00082738    00082738    000004f4   000004f4    r-- .cinit
000a8000    000a8000    00004000   00000000    rw-
  000a8000    000a8000    00004000   00000000    rw- .TI.bound:flashBuf0
000ae000    000ae000    00002000   00002000    r-x
  000ae000    000ae000    00001fa8   00001fa8    r-x .text.2
  000affa8    000affa8    00000058   00000058    r-- .ccfg
20000000    20000000    00001810   00000000    rw-
  20000000    20000000    00001810   00000000    rw- .bss.1
20001810    20001810    00000020   00000000    rw-
  20001810    20001810    00000010   00000000    rw- .TI.bound:dmaUart0RxControlTableEntry
  20001820    20001820    00000010   00000000    rw- .TI.bound:dmaUart0TxControlTableEntry
20001830    20001830    0000b0f4   00000000    rw-
  20001830    20001830    0000b0f4   00000000    rw- .bss.2
2000ca00    2000ca00    000015a0   00000000    rw-
  2000ca00    2000ca00    000015a0   00000000    rw- .data
2000e000    2000e000    000000d8   00000000    rw-
  2000e000    2000e000    000000d8   00000000    rw- .ramVecs
200239c0    200239c0    00000640   00000000    rw-
  200239c0    200239c0    00000640   00000000    rw- .stack


SECTION ALLOCATION MAP

 output                                  attributes/
section   page    origin      length       input sections
--------  ----  ----------  ----------   ----------------
.resetVecs 
*          0    00000000    0000003c     
                  00000000    0000003c     ti_sysbios_config.o (.resetVecs)

.rodata    0    00000040    000033cc     
                  00000040    000002e0     lto13 (.rodata.ciphersuite_definitions)
                  00000320    000002e0     rf_multiMode_cc13x2.a : rf_patch_cpe_prop.c.cc13x2.ticlang.o (.rodata.patchImageProp)
                  00000600    00000237     wisun_tasklet.o (.rodata.WISUN_CLIENT_CERTIFICATE)
                  00000837    000001e1     wisun_tasklet.o (.rodata.WISUN_ROOT_CERTIFICATE)
                  00000a18    0000012c     mac_cfg.o (.rodata.FH_PibTbl)
                  00000b44    00000113     maclib_secure_cc13x2x7_tirtos7.a : fh_global.c.o (.rodata.FH_stateMatrix)
                  00000c57    00000009     lto13 (.rodata.str1.111874756355151903671)
                  00000c60    00000101     libc.a : aeabi_ctype.S.obj (.rodata:__aeabi_ctype_table_)
                  00000d61    00000003     kde_helper.o (.rodata.ieee_802_11_oui)
                  00000d64    00000100     lto13 (.rodata.K.2201)
                  00000e64    00000100     lto13 (.rodata.crc_table)
                  00000f64    000000f8     mac_cfg.o (.rodata.macPibTbl)
                  0000105c    000000e7     wisun_tasklet.o (.rodata.WISUN_CLIENT_KEY)
                  00001143    00000001     ti_drivers_config.o (.rodata.GPIO_pinLowerBound)
                  00001144    000000a8     cipher_wrap.o (.rodata.mbedtls_cipher_definitions)
                  000011ec    000000a0     mac_cfg.o (.rodata.macMRFSKStdPhyTable)
                  0000128c    00000099     lto13 (.rodata.str1.144595980225480380181)
                  00001325    00000094     lto13 (.rodata.ti_sysbios_family_arm_m3_Hwi_excHandlerMin.err)
                  000013b9    00000003     lto13 (.rodata.str1.137837223476809662011)
                  000013bc    00000090     lto13 (.rodata.cfg_cb)
                  0000144c    0000008c     mac_cfg.o (.rodata.FHPIB_defaults)
                  000014d8    0000008c     lto13 (.rodata.oid_x509_ext)
                  00001564    00000089     lto13 (.rodata.ti_sysbios_family_arm_m3_Hwi_Instance_init.err.1)
                  000015ed    00000089     lto13 (.rodata.ti_sysbios_family_arm_m3_Hwi_excHandlerMin.err.2)
                  00001676    00000089     lto13 (.rodata.ti_sysbios_runtime_Memory_alloc.err)
                  000016ff    00000001     ti_drivers_config.o (.rodata.GPIO_pinUpperBound)
                  00001700    00000088     mac_cfg.o (.rodata.macPibDefaults)
                  00001788    00000086     lto13 (.rodata.ti_sysbios_family_arm_m3_Hwi_Instance_init.err)
                  0000180e    00000080     lto13 (.rodata.base64_dec_map)
                  0000188e    00000002     lto13 (.rodata.str1.22145033006558029571)
                  00001890    00000080     lto13 (.rodata.last4)
                  00001910    0000007a     lto13 (.rodata.str1.137690101693543355711)
                  0000198a    00000079     lto13 (.rodata.str1.42977080096532191201)
                  00001a03    00000001     ti_drivers_config.o (.rodata.NVS_count)
                  00001a04    0000006c     mac_user_config.o (.rodata.macRfDriverTable)
                  00001a70    00000058     mac_cfg.o (.rodata.macSecurityPibTbl)
                  00001ac8    00000054     drivers_cc13x2x7.a : PowerCC26X2.c.obj (.rodata.resourceDB)
                  00001b1c    00000050     lto13 (.rodata.oid_pk_alg)
                  00001b6c    00000050     lto13 (.rodata.oid_sig_alg)
                  00001bbc    00000040     mac_user_config.o (.rodata.macCryptoDriverTable)
                  00001bfc    00000040     maclib_secure_cc13x2x7_tirtos7.a : hmac_global.c.o (.rodata.macTimerRolloverValue)
                  00001c3c    00000039     lto13 (.rodata.str1.33189705971170454241)
                  00001c75    00000037     lto13 (.rodata.str1.180951316242615884291)
                  00001cac    00000036     lto13 (.rodata.str1.101324731312642589851)
                  00001ce2    00000035     lto13 (.rodata.str1.25744936241631755921)
                  00001d17    00000034     lto13 (.rodata.str1.27534972191880402361)
                  00001d4b    00000032     lto13 (.rodata.str1.79940633455030536541)
                  00001d7d    00000031     lto13 (.rodata.str1.20514283436163444261)
                  00001dae    00000001     ti_drivers_config.o (.rodata.aescbcCC26XXHWAttrs)
                  00001daf    00000001     ti_drivers_config.o (.rodata.aesccmCC26XXHWAttrs)
                  00001db0    00000030     ti_radio_config.o (.rodata.RF_cmdPropRadioDivSetup_2gfsk50kbps25dev915wsun1b)
                  00001de0    00000030     ti_radio_config.o (.rodata.RF_cmdPropRxAdv_2gfsk50kbps154g)
                  00001e10    00000030     lto13 (.rodata.cst8)
                  00001e40    00000030     pk_wrap.o (.rodata.mbedtls_ecdsa_info)
                  00001e70    00000030     pk_wrap.o (.rodata.mbedtls_eckey_info)
                  00001ea0    00000030     pk_wrap.o (.rodata.mbedtls_eckeydh_info)
                  00001ed0    00000030     lto13 (.rodata.str1.149724731199776154201)
                  00001f00    0000002f     lto13 (.rodata.str1.2812125807993579191)
                  00001f2f    0000002f     lto13 (.rodata.str1.57116874060999322981)
                  00001f5e    0000002e     lto13 (.rodata.str1.163668238217578099621)
                  00001f8c    0000002e     lto13 (.rodata.str1.94805252802393088221)
                  00001fba    0000002d     lto13 (.rodata.str1.105114920688064060491)
                  00001fe7    0000002c     lto13 (.rodata.str1.26711858529844002951)
                  00002013    0000002a     lto13 (.rodata.str1.42040415288544620351)
                  0000203d    0000002a     lto13 (.rodata.str1.98578853608125539971)
                  00002067    00000001     ti_drivers_config.o (.rodata.aesecbCC26XXHWAttrs)
                  00002068    00000028     drivers_cc13x2x7.a : NVSCC26XX.c.obj (.rodata.NVSCC26XX_fxnTable)
                  00002090    00000028     lto13 (.rodata.oid_ecp_grp)
                  000020b8    00000028     lto13 (.rodata.str1.4882070987207735381)
                  000020e0    00000028     lto13 (.rodata.str1.69277117120603854401)
                  00002108    00000027     lto13 (.rodata.str1.172665090286704829291)
                  0000212f    00000026     lto13 (.rodata.str1.104074645513359086941)
                  00002155    00000026     lto13 (.rodata.str1.1954710662628094301)
                  0000217b    00000025     lto13 (.rodata.str1.133899204396336271621)
                  000021a0    00000025     lto13 (.rodata.str1.165413037226614458471)
                  000021c5    00000025     lto13 (.rodata.str1.179074613704411643381)
                  000021ea    00000025     lto13 (.rodata.str1.33313102578381258611)
                  0000220f    00000001     lto13 (.rodata.str1.115456741727575909771)
                  00002210    00000024     lto13 (.rodata.ti_sysbios_knl_Task_Params_default)
                  00002234    00000023     lto13 (.rodata.str1.131704243265042326641)
                  00002257    00000023     lto13 (.rodata.str1.15077522529392536891)
                  0000227a    00000023     lto13 (.rodata.str1.67688267709201582661)
                  0000229d    00000023     lto13 (.rodata.str1.70647233230172539391)
                  000022c0    00000022     lto13 (.rodata.str1.23074209814968635641)
                  000022e2    00000022     lto13 (.rodata.str1.28184150178764217381)
                  00002304    00000021     lto13 (.rodata.str1.104903110284374600411)
                  00002325    00000021     lto13 (.rodata.str1.176302140505322997381)
                  00002346    00000001     ti_sysbios_config.o (.rodata.ti_sysbios_knl_Clock_tickMode)
                  00002347    00000001     ti_sysbios_config.o (.rodata.ti_sysbios_knl_Task_checkStackFlag)
                  00002348    00000020     lto13 (.rodata..L__const.rfSelect.RfCfg)
                  00002368    00000020     ti_radio_config.o (.rodata.RF_cmdPropTxAdv_2gfsk50kbps154g)
                  00002388    00000020     maclib_secure_cc13x2x7_tirtos7.a : mac_radio.c.o (.rodata.activityObject)
                  000023a8    00000020     lto13 (.rodata.aes_info)
                  000023c8    00000020     lto13 (.rodata.ccm_aes_info)
                  000023e8    00000020     lto13 (.rodata.chacha20_base_info)
                  00002408    00000020     lto13 (.rodata.chachapoly_base_info)
                  00002428    00000020     rf_multiMode_cc13x2.a : RFCC26X2_multiMode.c.cc13x2.ticlang.o (.rodata.cst32)
                  00002448    00000020     lto13 (.rodata.gcm_aes_info)
                  00002468    00000020     lto13 (.rodata.kw_aes_info)
                  00002488    00000020     lto13 (.rodata.secp256r1_b)
                  000024a8    00000020     lto13 (.rodata.secp256r1_gx)
                  000024c8    00000020     lto13 (.rodata.secp256r1_gy)
                  000024e8    00000020     lto13 (.rodata.secp256r1_n)
                  00002508    00000020     lto13 (.rodata.secp256r1_p)
                  00002528    00000020     lto13 (.rodata.str1.13729465580281468371)
                  00002548    00000020     lto13 (.rodata.str1.44552612401057215761)
                  00002568    0000001f     lto13 (.rodata.str1.162743185862605049231)
                  00002587    0000001d     lto13 (.rodata.str1.18743861289604766241)
                  000025a4    0000001d     lto13 (.rodata.str1.44801526938919709821)
                  000025c1    0000001d     lto13 (.rodata.str1.52238559694300064861)
                  000025de    0000001d     lto13 (.rodata.str1.74414953966125491791)
                  000025fb    00000001     ti_sysbios_config.o (.rodata.ti_sysbios_knl_Task_initStackFlag)
                  000025fc    0000001c     ti_radio_config.o (.rodata.RF_cmdPropCs_2gfsk50kbps154g)
                  00002618    0000001c     lto13 (.rodata.aes_128_cbc_info)
                  00002634    0000001c     lto13 (.rodata.aes_128_ccm_info)
                  00002650    0000001c     lto13 (.rodata.aes_128_ecb_info)
                  0000266c    0000001c     lto13 (.rodata.aes_128_gcm_info)
                  00002688    0000001c     lto13 (.rodata.aes_128_nist_kw_info)
                  000026a4    0000001c     lto13 (.rodata.aes_128_nist_kwp_info)
                  000026c0    0000001c     lto13 (.rodata.aes_192_cbc_info)
                  000026dc    0000001c     lto13 (.rodata.aes_192_ccm_info)
                  000026f8    0000001c     lto13 (.rodata.aes_192_ecb_info)
                  00002714    0000001c     lto13 (.rodata.aes_192_gcm_info)
                  00002730    0000001c     lto13 (.rodata.aes_192_nist_kw_info)
                  0000274c    0000001c     lto13 (.rodata.aes_192_nist_kwp_info)
                  00002768    0000001c     lto13 (.rodata.aes_256_cbc_info)
                  00002784    0000001c     lto13 (.rodata.aes_256_ccm_info)
                  000027a0    0000001c     lto13 (.rodata.aes_256_ecb_info)
                  000027bc    0000001c     lto13 (.rodata.aes_256_gcm_info)
                  000027d8    0000001c     lto13 (.rodata.aes_256_nist_kw_info)
                  000027f4    0000001c     lto13 (.rodata.aes_256_nist_kwp_info)
                  00002810    0000001c     lto13 (.rodata.chacha20_info)
                  0000282c    0000001c     lto13 (.rodata.chachapoly_info)
                  00002848    0000001c     lto13 (.rodata.cst4)
                  00002864    0000001c     lto13 (.rodata.str1.154993328350708254171)
                  00002880    0000001c     lto13 (.rodata.str1.158480130323615229431)
                  0000289c    0000001c     lto13 (.rodata.str1.163618332027304524091)
                  000028b8    0000001c     lto13 (.rodata.str1.38539270085324520491)
                  000028d4    0000001c     lto13 (.rodata.str1.94306416461324892071)
                  000028f0    0000001c     lto13 (.rodata.ti_sysbios_family_arm_cc26xx_Timer_Params_default)
                  0000290c    0000001b     lto13 (.rodata.str1.181887771581981967131)
                  00002927    0000001b     lto13 (.rodata.str1.44307905144999089051)
                  00002942    0000001a     lto13 (.rodata.str1.148161171338984278141)
                  0000295c    0000001a     lto13 (.rodata.str1.168889481969225229901)
                  00002976    0000001a     lto13 (.rodata.str1.55237036543978436421)
                  00002990    0000001a     lto13 (.rodata.str1.66507470708161235751)
                  000029aa    00000019     lto13 (.rodata.str1.128446988550371256621)
                  000029c3    00000019     lto13 (.rodata.str1.38107698276060741641)
                  000029dc    00000019     lto13 (.rodata.str1.49648228070894574621)
                  000029f5    00000003     lto13 (.rodata.str1.162456347660230961151)
                  000029f8    00000018     ti_radio_config.o (.rodata.RF_cmdFs_2gfsk50kbps154g)
                  00002a10    00000018     lto13 (.rodata.ecp_supported_curves)
                  00002a28    00000018     maclib_secure_cc13x2x7_tirtos7.a : hmac_global.c.o (.rodata.macCmdIncludeFHIe)
                  00002a40    00000018     lto13 (.rodata.str1.181396013296205742071)
                  00002a58    00000018     lto13 (.rodata.ti_sysbios_family_arm_m3_Hwi_Params_default)
                  00002a70    00000018     lto13 (.rodata.trngCC26XXHWAttrs)
                  00002a88    00000017     lto13 (.rodata.ipv6_route_probing)
                  00002a9f    00000017     lto13 (.rodata.str1.110589418904115459461)
                  00002ab6    00000017     lto13 (.rodata.str1.150119949749516049221)
                  00002acd    00000017     lto13 (.rodata.str1.156024742682881820321)
                  00002ae4    00000017     lto13 (.rodata.str1.46229699295065084971)
                  00002afb    00000016     maclib_secure_cc13x2x7_tirtos7.a : hmac_global.c.o (.rodata.macIdleSt)
                  00002b11    00000016     lto13 (.rodata.str1.167500893806417182551)
                  00002b27    00000016     lto13 (.rodata.str1.60144230306283347681)
                  00002b3d    00000015     lto13 (.rodata.str1.105434508365646326391)
                  00002b52    00000015     lto13 (.rodata.str1.116528826244308170561)
                  00002b67    00000015     lto13 (.rodata.str1.134846524814878173951)
                  00002b7c    00000015     lto13 (.rodata.str1.92507395612303451)
                  00002b91    00000003     kde_helper.o (.rodata.wisun_oui)
                  00002b94    00000014     ti_drivers_config.o (.rodata.PowerCC26X2_config)
                  00002ba8    00000014     drivers_cc13x2x7.a : TRNG.c.obj (.rodata.TRNG_defaultParams)
                  00002bbc    00000014     lto13 (.rodata.rpl_of0_step_of_rank.etx_thresholds)
                  00002bd0    00000014     lto13 (.rodata.ti_sysbios_knl_Swi_Params_default)
                  00002be4    00000013     macTask.o (.rodata.msacbackSizeTable)
                  00002bf7    00000013     lto13 (.rodata.str1.148696298737983500601)
                  00002c0a    00000012     lto13 (.rodata.str1.120683850376027234211)
                  00002c1c    00000012     lto13 (.rodata.str1.127485587167118933601)
                  00002c2e    00000012     lto13 (.rodata.str1.146251225594398745381)
                  00002c40    00000012     lto13 (.rodata.str1.176761337836902330071)
                  00002c52    00000012     lto13 (.rodata.str1.3559240968476747111)
                  00002c64    00000012     lto13 (.rodata.str1.48789839948028970751)
                  00002c76    00000012     lto13 (.rodata.str1.48852126014290720831)
                  00002c88    00000012     lto13 (.rodata.str1.91948829998069724881)
                  00002c9a    00000012     lto13 (.rodata.str1.93325115857458183761)
                  00002cac    00000011     lto13 (.rodata.str1.11005999924653266961)
                  00002cbd    00000011     lto13 (.rodata.str1.121920400107030156241)
                  00002cce    00000011     lto13 (.rodata.str1.128746544594478697251)
                  00002cdf    00000011     lto13 (.rodata.str1.148145244003154811671)
                  00002cf0    00000011     lto13 (.rodata.str1.176240604381829847401)
                  00002d01    00000011     lto13 (.rodata.str1.181386656785892753641)
                  00002d12    00000011     lto13 (.rodata.str1.47784060290244618861)
                  00002d23    00000011     lto13 (.rodata.str1.7755711659593623461)
                  00002d34    00000010     ns_address_internal.o (.rodata.ADDR_ALL_MPL_FORWARDERS)
                  00002d44    00000010     ns_address_internal.o (.rodata.ADDR_IF_LOCAL_ALL_NODES)
                  00002d54    00000010     ns_address_internal.o (.rodata.ADDR_IF_LOCAL_ALL_ROUTERS)
                  00002d64    00000010     ns_address_internal.o (.rodata.ADDR_LINK_LOCAL_ALL_NODES)
                  00002d74    00000010     ns_address_internal.o (.rodata.ADDR_LINK_LOCAL_ALL_ROUTERS)
                  00002d84    00000010     rpl_control.o (.rodata.ADDR_LINK_LOCAL_ALL_RPL_NODES)
                  00002d94    00000010     ns_address_internal.o (.rodata.ADDR_LOOPBACK)
                  00002da4    00000010     ns_address_internal.o (.rodata.ADDR_REALM_LOCAL_ALL_NODES)
                  00002db4    00000010     ns_address_internal.o (.rodata.ADDR_REALM_LOCAL_ALL_ROUTERS)
                  00002dc4    00000010     ns_address_internal.o (.rodata.ADDR_SITE_LOCAL_ALL_ROUTERS)
                  00002dd4    00000010     ns_address_internal.o (.rodata.ADDR_UNSPECIFIED)
                  00002de4    00000010     drivers_cc13x2x7.a : AESCBC.c.obj (.rodata.AESCBC_defaultParams)
                  00002df4    00000010                        : AESCCM.c.obj (.rodata.AESCCM_defaultParams)
                  00002e04    00000010                        : AESECB.c.obj (.rodata.AESECB_defaultParams)
                  00002e14    00000010     ti_drivers_config.o (.rodata.GPIO_config)
                  00002e24    00000010     ti_drivers_config.o (.rodata.TRNG_config)
                  00002e34    00000010     ws_cfg_settings.o (.rodata.devices_by_datarate)
                  00002e44    00000010     lto13 (.rodata.exit_ecn_combination)
                  00002e54    00000010     lto13 (.rodata.frag_ecn_combination)
                  00002e64    00000010     x509_crt.o (.rodata.mbedtls_x509_crt_profile_default)
                  00002e74    00000010     x509_crt.o (.rodata.mbedtls_x509_crt_profile_suiteb)
                  00002e84    00000010     socket_api.o (.rodata.ns_in6addr_any)
                  00002e94    00000010     lto13 (.rodata.str1.128616629700993446611)
                  00002ea4    00000010     lto13 (.rodata.str1.137480887057761200391)
                  00002eb4    00000010     lto13 (.rodata.str1.158148280061536122051)
                  00002ec4    00000010     lto13 (.rodata.str1.159525899123616189551)
                  00002ed4    00000010     lto13 (.rodata.str1.27285152142972135031)
                  00002ee4    00000010     lto13 (.rodata.str1.4191443598746205461)
                  00002ef4    00000010     lto13 (.rodata.str1.91336704837445126371)
                  00002f04    00000010     lto13 (.rodata.str1.9617389494475976921)
                  00002f14    00000010     lto13 (.rodata.tls_sec_prot_lib_connect.sec_suites)
                  00002f24    0000000f     lto13 (.rodata.str1.113875680244845607571)
                  00002f33    0000000f     lto13 (.rodata.str1.12777415851923611721)
                  00002f42    0000000f     lto13 (.rodata.str1.182210374250552398191)
                  00002f51    0000000f     lto13 (.rodata.str1.50001084414596175791)
                  00002f60    0000000f     lto13 (.rodata.str1.61927127513817792831)
                  00002f6f    0000000f     lto13 (.rodata.str1.73626575631961739881)
                  00002f7e    0000000f     lto13 (.rodata.str1.80660643786525546361)
                  00002f8d    0000000e     lto13 (.rodata.str1.181924286670370445631)
                  00002f9b    0000000e     lto13 (.rodata.str1.29178603009605293091)
                  00002fa9    0000000e     lto13 (.rodata.str1.42405875372676466721)
                  00002fb7    0000000e     lto13 (.rodata.str1.60804558357178514971)
                  00002fc5    0000000d     ns_address_internal.o (.rodata.ADDR_MULTICAST_SOLICITED)
                  00002fd2    00000002     --HOLE-- [fill = 0]
                  00002fd4    0000000c     lto13 (.rodata..L__const.Random_seedAutomatic.hwAttrs)
                  00002fe0    0000000c     lto13 (.rodata..L__const.wisun_tasklet_configure_and_connect_to_network.own_cert)
                  00002fec    0000000c     lto13 (.rodata..L__const.wisun_tasklet_configure_and_connect_to_network.trusted_cert)
                  00002ff8    0000000c     ns_address_internal.o (.rodata.ADDR_IPV4_MAPPED_PREFIX)
                  00003004    0000000c     ti_drivers_config.o (.rodata.NVS_config)
                  00003010    0000000c     ti_drivers_config.o (.rodata.RFCC26XX_hwAttrs)
                  0000301c    0000000c     lto13 (.rodata.eapol_pdu_recv_cb_data.1482)
                  00003028    0000000c     lto13 (.rodata.eapol_pdu_recv_cb_data)
                  00003034    0000000c     lto13 (.rodata.str1.10223566049497425121)
                  00003040    0000000c     lto13 (.rodata.str1.106729845324089363141)
                  0000304c    0000000c     lto13 (.rodata.str1.109574756820064639511)
                  00003058    0000000c     lto13 (.rodata.str1.111905606680966470151)
                  00003064    0000000c     lto13 (.rodata.str1.124950807837925923861)
                  00003070    0000000c     lto13 (.rodata.str1.125368024737067078601)
                  0000307c    0000000c     lto13 (.rodata.str1.127487883450578970181)
                  00003088    0000000c     lto13 (.rodata.str1.133415070082808145381)
                  00003094    0000000c     lto13 (.rodata.str1.154984702730818282951)
                  000030a0    0000000c     lto13 (.rodata.str1.168855331460718190441)
                  000030ac    0000000c     lto13 (.rodata.str1.35259073593999943851)
                  000030b8    0000000c     lto13 (.rodata.str1.51452688430930909541)
                  000030c4    0000000c     lto13 (.rodata.str1.54135198345417482621)
                  000030d0    0000000c     lto13 (.rodata.str1.55384543936685487951)
                  000030dc    0000000c     lto13 (.rodata.str1.70353135121284490711)
                  000030e8    0000000c     lto13 (.rodata.str1.7865348359979283851)
                  000030f4    0000000c     lto13 (.rodata.str1.87118177851187762921)
                  00003100    0000000c     lto13 (.rodata.str1.88263061753188361911)
                  0000310c    0000000c     lto13 (.rodata.ti_sysbios_knl_Clock_Params_default)
                  00003118    0000000c     lto13 (.rodata.ti_sysbios_knl_Semaphore_Params_default)
                  00003124    0000000b     lto13 (.rodata.str1.178887554158710450171)
                  0000312f    0000000b     lto13 (.rodata.str1.178926854083836037441)
                  0000313a    0000000b     lto13 (.rodata.str1.53951482528788737361)
                  00003145    0000000a     lto13 (.rodata.str1.126936292805666722311)
                  0000314f    0000000a     lto13 (.rodata.str1.160171245633723956161)
                  00003159    0000000a     lto13 (.rodata.str1.167363823380660091251)
                  00003163    0000000a     lto13 (.rodata.str1.17908179584613741261)
                  0000316d    0000000a     lto13 (.rodata.str1.34751155239840380341)
                  00003177    0000000a     lto13 (.rodata.str1.34798769057583761631)
                  00003181    0000000a     lto13 (.rodata.str1.47166193797002541321)
                  0000318b    0000000a     lto13 (.rodata.str1.91919254364878847071)
                  00003195    00000009     lto13 (.rodata.str1.131928049495086277041)
                  0000319e    00000009     lto13 (.rodata.str1.140766891257532643601)
                  000031a7    00000009     lto13 (.rodata.str1.168807296525004375481)
                  000031b0    00000009     lto13 (.rodata.str1.170622212826056092901)
                  000031b9    00000009     lto13 (.rodata.str1.171045300569398025671)
                  000031c2    00000009     lto13 (.rodata.str1.22023490196303520481)
                  000031cb    00000009     lto13 (.rodata.str1.65038135826371005231)
                  000031d4    00000009     lto13 (.rodata.str1.70779187420370796371)
                  000031dd    00000009     lto13 (.rodata.str1.78411957621147361441)
                  000031e6    00000009     lto13 (.rodata.str1.88086199895021135981)
                  000031ef    00000001     --HOLE-- [fill = 0]
                  000031f0    00000008     rf_multiMode_cc13x2.a : RFCC26X2_multiMode.c.cc13x2.ticlang.o (.rodata..L__const.RF_hwiCpe0Active.activeCmd)
                  000031f8    00000008     ns_address_internal.o (.rodata.ADDR_LINK_LOCAL_PREFIX)
                  00003200    00000008     ti_drivers_config.o (.rodata.AESCBC_config)
                  00003208    00000008     ti_drivers_config.o (.rodata.AESCCM_config)
                  00003210    00000008     ti_drivers_config.o (.rodata.AESECB_config)
                  00003218    00000008     lto13 (.rodata.NIST_KW_ICV1)
                  00003220    00000008     lto13 (.rodata.addr_am_implicit_group_member.implicit_groups)
                  00003228    00000008     lto13 (.rodata.ciphersuite_preference)
                  00003230    00000008     lto13 (.rodata.empty_hash)
                  00003238    00000008     maclib_secure_cc13x2x7_tirtos7.a : hmac_global.c.o (.rodata.macAuthTagLen)
                  00003240    00000008                                      : hmac_global.c.o (.rodata.macSendMsgBufSize)
                  00003248    00000008     lto13 (.rodata.mac_helper_default_key_source)
                  00003250    00000008     md.o (.rodata.mbedtls_sha1_info)
                  00003258    00000008     md.o (.rodata.mbedtls_sha224_info)
                  00003260    00000008     md.o (.rodata.mbedtls_sha256_info)
                  00003268    00000008     lto13 (.rodata.nvsCC26XXHWAttrs)
                  00003270    00000008     lto13 (.rodata.str1.1494222056961454041)
                  00003278    00000008     lto13 (.rodata.str1.158807593939860201701)
                  00003280    00000008     lto13 (.rodata.str1.25898187852770911701)
                  00003288    00000008     lto13 (.rodata.str1.51764690350872425751)
                  00003290    00000008     lto13 (.rodata.str1.84307591855291922711)
                  00003298    00000008     lto13 (.rodata.str1.92295776258871097731)
                  000032a0    00000008     ti_sysbios_config.o (.rodata.ti_sysbios_knl_Idle_funcList)
                  000032a8    00000007     lto13 (.rodata.str1.100400902059472530941)
                  000032af    00000007     lto13 (.rodata.str1.107991019672226470241)
                  000032b6    00000007     lto13 (.rodata.str1.117071743254888242021)
                  000032bd    00000007     lto13 (.rodata.str1.127846626865382298951)
                  000032c4    00000007     lto13 (.rodata.str1.141520409920587635351)
                  000032cb    00000007     lto13 (.rodata.str1.156136855601172432201)
                  000032d2    00000007     lto13 (.rodata.str1.168119680702851594651)
                  000032d9    00000007     lto13 (.rodata.str1.178597437713004692201)
                  000032e0    00000007     lto13 (.rodata.str1.18642601048367310541)
                  000032e7    00000007     lto13 (.rodata.str1.24525456765022424521)
                  000032ee    00000007     lto13 (.rodata.str1.2603654563582575881)
                  000032f5    00000007     lto13 (.rodata.str1.33628769712577358841)
                  000032fc    00000007     lto13 (.rodata.str1.39180350983661713541)
                  00003303    00000007     lto13 (.rodata.str1.4231876694330471821)
                  0000330a    00000007     lto13 (.rodata.str1.445079231105992951)
                  00003311    00000007     lto13 (.rodata.str1.49961734962203718791)
                  00003318    00000007     lto13 (.rodata.str1.54427012948841906551)
                  0000331f    00000007     lto13 (.rodata.str1.74073340385984691681)
                  00003326    00000006     ns_address_internal.o (.rodata.ADDR_SHORT_ADR_SUFFIC)
                  0000332c    00000006     maclib_secure_cc13x2x7_tirtos7.a : hmac_global.c.o (.rodata.macCmdBufSize)
                  00003332    00000006     lto13 (.rodata.str1.130858213936813566661)
                  00003338    00000006     lto13 (.rodata.str1.155339222283116292801)
                  0000333e    00000006     lto13 (.rodata.str1.167305878688728125421)
                  00003344    00000006     lto13 (.rodata.str1.33294250835509206301)
                  0000334a    00000006     lto13 (.rodata.str1.48625524481925930251)
                  00003350    00000006     lto13 (.rodata.str1.49098897992373923861)
                  00003356    00000006     lto13 (.rodata.str1.58834498631000434021)
                  0000335c    00000006     lto13 (.rodata.str1.81466359798335189751)
                  00003362    00000006     lto13 (.rodata.str1.99168816315423427941)
                  00003368    00000005     lto13 (.rodata..L.str.23.1874)
                  0000336d    00000005     lto13 (.rodata.str1.128874999820498821521)
                  00003372    00000005     lto13 (.rodata.str1.152958166467724884301)
                  00003377    00000005     lto13 (.rodata.str1.59806965152821839851)
                  0000337c    00000005     lto13 (.rodata.str1.62409187500488961161)
                  00003381    00000005     lto13 (.rodata.str1.72474364083585453491)
                  00003386    00000005     lto13 (.rodata.str1.82933517303955046511)
                  0000338b    00000005     lto13 (.rodata.str1.96081558288222665031)
                  00003390    00000004     lto13 (.rodata.NIST_KW_ICV2)
                  00003394    00000004     drivers_cc13x2x7.a : NVS.c.obj (.rodata.NVS_defaultParams)
                  00003398    00000004     ti_sysbios_config.o (.rodata.TimestampP_nativeFormat32)
                  0000339c    00000004     ti_sysbios_config.o (.rodata.TimestampP_nativeFormat64)
                  000033a0    00000004     maclib_secure_cc13x2x7_tirtos7.a : fh_global.c.o (.rodata.fhSupFrameTypes)
                  000033a4    00000004                                      : hmac_global.c.o (.rodata.macCbackEventTbl)
                  000033a8    00000004                                      : hmac_global.c.o (.rodata.macKeySourceLen)
                  000033ac    00000004                                      : hmac_global.c.o (.rodata.macSendMsgDataSize)
                  000033b0    00000004     lto13 (.rodata.memset_func)
                  000033b4    00000004     lto13 (.rodata.mpl_seed_id_len.len)
                  000033b8    00000004     lto13 (.rodata.str1.107905195350455514301)
                  000033bc    00000004     lto13 (.rodata.str1.137504409406438077671)
                  000033c0    00000004     lto13 (.rodata.str1.154556802396271292641)
                  000033c4    00000004     lto13 (.rodata.str1.167000378073209962101)
                  000033c8    00000004     lto13 (.rodata.str1.17254145024150623361)
                  000033cc    00000004     lto13 (.rodata.str1.180657953585390148041)
                  000033d0    00000004     lto13 (.rodata.str1.32226705947348003591)
                  000033d4    00000004     lto13 (.rodata.str1.38167952973766720161)
                  000033d8    00000004     lto13 (.rodata.str1.44947818846933795771)
                  000033dc    00000004     lto13 (.rodata.str1.55118382027664597221)
                  000033e0    00000004     lto13 (.rodata.str1.69049633115958359331)
                  000033e4    00000004     lto13 (.rodata.str1.7458718236153158311)
                  000033e8    00000004     lto13 (.rodata.str1.789222543418977541)
                  000033ec    00000004     lto13 (.rodata.str1.7972489119393124271)
                  000033f0    00000004     ti_sysbios_config.o (.rodata.ti_sysbios_family_arm_m3_Hwi_swiTaskKeyAddress)
                  000033f4    00000004     lto13 (.rodata.ti_sysbios_gates_GateMutexPri_Params_default)
                  000033f8    00000004     lto13 (.rodata.ti_sysbios_heaps_HeapCallback_Params_default)
                  000033fc    00000004     ti_sysbios_config.o (.rodata.ti_sysbios_knl_Clock_tickPeriod)
                  00003400    00000004     ti_sysbios_config.o (.rodata.ti_sysbios_knl_Swi_numPriorities)
                  00003404    00000004     ti_sysbios_config.o (.rodata.ti_sysbios_knl_Task_defaultStackSize)
                  00003408    00000004     ti_sysbios_config.o (.rodata.ti_sysbios_knl_Task_numPriorities)

.cinit     0    00082738    000004f4     
                  00082738    0000048f     (.cinit..data.load) [load image, compression = lzss]
                  00082bc7    00000001     --HOLE-- [fill = 0]
                  00082bc8    0000000c     (__TI_handler_table)
                  00082bd4    00000008     (.cinit..TI.bound:dmaUart0RxControlTableEntry.load) [load image, compression = zero_init]
                  00082bdc    00000008     (.cinit..TI.bound:dmaUart0TxControlTableEntry.load) [load image, compression = zero_init]
                  00082be4    00000008     (.cinit..bss.1.load) [load image, compression = zero_init]
                  00082bec    00000008     (.cinit..bss.2.load) [load image, compression = zero_init]
                  00082bf4    00000008     (.cinit..ramVecs.load) [load image, compression = zero_init]
                  00082bfc    00000030     (__TI_cinit_table)

.init_array 
*          0    00000000    00000000     UNINITIALIZED

.TI.bound:flashBuf0 
*          0    000a8000    00004000     UNINITIALIZED
                  000a8000    00004000     lto13 (.TI.bound:flashBuf0)

.ccfg      0    000affa8    00000058     
                  000affa8    00000058     ti_devices_config.o (.ccfg)

.data      0    2000ca00    000015a0     UNINITIALIZED
                  2000ca00    00000258     maclib_secure_cc13x2x7_tirtos7.a : mac_rx.c.o (.data.mac_eui_filter_list)
                  2000cc58    00000174     drivers_cc13x2x7.a : PowerCC26X2.c.obj (.data.PowerCC26X2_module)
                  2000cdcc    000000f0     libc.a : defs.c.obj (.data._ftable)
                  2000cebc    000000b0     lto13 (.data.fhss_timeout)
                  2000cf6c    000000a0     mac_cfg.o (.data.macMRFSKGenPhyTable)
                  2000d00c    0000007c     lto13 (.data..L_MergedGlobals.3246)
                  2000d088    0000007c     lto13 (.data..L_MergedGlobals.3247)
                  2000d104    0000007c     lto13 (.data..L_MergedGlobals.3249)
                  2000d180    0000007c     lto13 (.data..L_MergedGlobals.3251)
                  2000d1fc    0000007c     lto13 (.data..L_MergedGlobals)
                  2000d278    0000007c     application.o (.data.cfg_props)
                  2000d2f4    0000007c     ti_drivers_config.o (.data.gpioPinConfigs)
                  2000d370    00000078     lto13 (.data..L_MergedGlobals.3248)
                  2000d3e8    00000078     libsysbm.a : host_device.c.obj (.data._device)
                  2000d460    00000070     lto13 (.data..L_MergedGlobals.3250)
                  2000d4d0    0000006c     lto13 (.data..L_MergedGlobals.3244)
                  2000d53c    0000006c     maclib_secure_cc13x2x7_tirtos7.a : hmac_global.c.o (.data.fhObject)
                  2000d5a8    00000068     rf_multiMode_cc13x2.a : RFCC26X2_multiMode.c.cc13x2.ticlang.o (.data..L_MergedGlobals.1)
                  2000d610    00000068     ti_sysbios_config.o (.data.ti_sysbios_knl_Clock_Module_state)
                  2000d678    00000064     lto13 (.data..L_MergedGlobals.3255)
                  2000d6dc    00000064     rf_multiMode_cc13x2.a : RFCC26X2_multiMode.c.cc13x2.ticlang.o (.data..L_MergedGlobals.3)
                  2000d740    00000064     ti_radio_config.o (.data.txPowerTable_868_pa13)
                  2000d7a4    00000060     lto13 (.data..L_MergedGlobals.3254)
                  2000d804    0000005c     main.o (.data.Main_user1Cfg)
                  2000d860    00000058     rf_multiMode_cc13x2.a : RFCC26X2_multiMode.c.cc13x2.ticlang.o (.data..L_MergedGlobals.2)
                  2000d8b8    00000058     lto13 (.data..L_MergedGlobals.3253)
                  2000d910    00000058     ti_radio_config.o (.data.pOverrides_2gfsk50kbps154g)
                  2000d968    00000054     lto13 (.data..L_MergedGlobals.3252)
                  2000d9bc    00000050     libsysbm.a : host_device.c.obj (.data._stream)
                  2000da0c    0000004a     application.o (.data.ti_wisun_config)
                  2000da56    00000002     application.o (.data.IntersectionA)
                  2000da58    00000044     lto13 (.data..L_MergedGlobals.3245)
                  2000da9c    0000003c     ti_sysbios_config.o (.data.ti_sysbios_family_arm_m3_Hwi_Module_state)
                  2000dad8    0000003c     ti_sysbios_config.o (.data.ti_sysbios_knl_Task_Module_state)
                  2000db14    0000002c     ti_sysbios_config.o (.data.BIOS_Module_state)
                  2000db40    00000028     ti_sysbios_config.o (.data.ti_sysbios_knl_Swi_Module_state)
                  2000db68    00000024     lto13 (.data.etx_info)
                  2000db8c    00000024     nd_router_object.o (.data.nd_params)
                  2000dbb0    0000001c     lto13 (.data.protocol_core_cb.event)
                  2000dbcc    0000001c     lto13 (.data.protocol_timer_interrupt.event)
                  2000dbe8    0000001c     lto13 (.data.rpl_mrhof)
                  2000dc04    0000001c     lto13 (.data.rpl_of0)
                  2000dc20    00000014     lto13 (.data.defaultPthreadAttrs)
                  2000dc34    00000014     arm_hal_fhss_timer.o (.data.fhss_functions)
                  2000dc48    00000014     main.o (.data.macUser0Cfg)
                  2000dc5c    00000010     ti_radio_config.o (.data.RF_prop_2gfsk50kbps154g)
                  2000dc6c    00000010     driverlib.lib : osc.c.obj (.data._hposcCoeffs)
                  2000dc7c    00000010     lto13 (.data.ssl_preset_default_hashes)
                  2000dc8c    0000000c     lto13 (.data.ns_maintenance_gc_functions)
                  2000dc98    0000000c     lto13 (.data.ssl_preset_suiteb_ciphersuites)
                  2000dca4    0000000c     lto13 (.data.ssl_preset_suiteb_hashes)
                  2000dcb0    0000000c     ti_sysbios_config.o (.data.ti_sysbios_family_arm_cc26xx_Timer_Module_state)
                  2000dcbc    0000000c     ti_sysbios_config.o (.data.ti_sysbios_runtime_Error_ignore)
                  2000dcc8    0000000c     ti_sysbios_config.o (.data.ti_sysbios_runtime_System_Module_state)
                  2000dcd4    0000000a     ws_bootstrap.o (.data.panid_deny_list)
                  2000dcde    00000002     lto13 (.data.ipv6_frag_mru)
                  2000dce0    00000008     rf_multiMode_cc13x2.a : RFCC26X2_multiMode.c.cc13x2.ticlang.o (.data..L_MergedGlobals)
                  2000dce8    00000008                           : RFCC26X2_multiMode.c.cc13x2.ticlang.o (.data.RFCC26XX_schedulerPolicy)
                  2000dcf0    00000008     lto13 (.data.addr_notifications)
                  2000dcf8    00000008     lto13 (.data.addr_policy_table)
                  2000dd00    00000008     lto13 (.data.arm_core_tasklet_list)
                  2000dd08    00000008     lto13 (.data.current_time)
                  2000dd10    00000008     lto13 (.data.destination_cache_config)
                  2000dd18    00000008     lto13 (.data.dhcp_client_list)
                  2000dd20    00000008     lto13 (.data.dhcpv6_client_nonTemporal_list)
                  2000dd28    00000008     lto13 (.data.dns_query_list)
                  2000dd30    00000008     lto13 (.data.dns_server_list)
                  2000dd38    00000008     lto13 (.data.eapol_pdu_data_list)
                  2000dd40    00000008     lto13 (.data.eapol_relay_list)
                  2000dd48    00000008     lto13 (.data.event_queue_active)
                  2000dd50    00000008     lto13 (.data.frag_list)
                  2000dd58    00000008     lto13 (.data.fragmenter_interface_list)
                  2000dd60    00000008     lto13 (.data.free_event_entry)
                  2000dd68    00000008     lto13 (.data.icmp_ra_queue)
                  2000dd70    00000008     lto13 (.data.instance_list)
                  2000dd78    00000008     lto13 (.data.ipv6_destination_cache)
                  2000dd80    00000008     lto13 (.data.ipv6_routing_table)
                  2000dd88    00000008     lto13 (.data.key_storage_array_list)
                  2000dd90    00000008     lto13 (.data.kmp_eapol_pdu_if_list)
                  2000dd98    00000008     lto13 (.data.kmp_service_list)
                  2000dda0    00000008     lto13 (.data.llc_data_base_list)
                  2000dda8    00000008     lto13 (.data.mpl_domains)
                  2000ddb0    00000008     lto13 (.data.neighbour_cache_config)
                  2000ddb8    00000008     lto13 (.data.ns_timer_list)
                  2000ddc0    00000008     ws_pae_controller.o (.data.pae_controller_config)
                  2000ddc8    00000008     lto13 (.data.pae_controller_list)
                  2000ddd0    00000008     lto13 (.data.pae_supp_list)
                  2000ddd8    00000008     lto13 (.data.prefixStrings)
                  2000dde0    00000008     protocol_core.o (.data.protocol_interface_info_list)
                  2000dde8    00000008     lto13 (.data.reassembly_interface_list)
                  2000ddf0    00000008     lto13 (.data.request_list)
                  2000ddf8    00000008     lto13 (.data.rpl_domains)
                  2000de00    00000008     lto13 (.data.rpl_objectives)
                  2000de08    00000008     lto13 (.data.secure_session_list)
                  2000de10    00000008     lto13 (.data.socket_list.1836)
                  2000de18    00000008     ns_socket.o (.data.socket_list)
                  2000de20    00000008     lto13 (.data.system_timer_free)
                  2000de28    00000008     lto13 (.data.system_timer_list)
                  2000de30    00000008     ti_sysbios_config.o (.data.ti_sysbios_gates_GateMutexPri_Module_state)
                  2000de38    00000008     ti_sysbios_config.o (.data.ti_sysbios_heaps_HeapCallback_Module_state)
                  2000de40    00000008     ti_sysbios_config.o (.data.ti_sysbios_knl_Semaphore_Module_state)
                  2000de48    00000006     ws_bootstrap.o (.data.panid_allow_list)
                  2000de4e    00000005     maclib_secure_cc13x2x7_tirtos7.a : mac_radio_tx.c.o (.data.macRadioAckFrame)
                  2000de53    00000001     ws_common.o (.data.DEVICE_MIN_SENS)
                  2000de54    00000004     lto13 (.data.AESCBC_handle)
                  2000de58    00000004     lto13 (.data.AESECB_handle)
                  2000de5c    00000004     lto13 (.data.FRAME_COUNTER_FILE)
                  2000de60    00000004     lto13 (.data.KEYS_FILE)
                  2000de64    00000004     lto13 (.data.NW_INFO_FILE)
                  2000de68    00000004     lto13 (.data.PowerCC26X2_rtcSubSecInc)
                  2000de6c    00000004     rf_multiMode_cc13x2.a : RFCC26X2_multiMode.c.cc13x2.ticlang.o (.data.RF_fsmActiveState.lfClockSourceLast)
                  2000de70    00000004     lto13 (.data.TRNG_handle.2721)
                  2000de74    00000004     libc.a : aeabi_portable.c.obj (.data.__aeabi_errno)
                  2000de78    00000004     ns_address_internal.o (.data.addr_preferences_default)
                  2000de7c    00000004     lto13 (.data.appEvents)
                  2000de80    00000004     lto13 (.data.blacklist_data)
                  2000de84    00000004     buffer_dyn.o (.data.buffer_count)
                  2000de88    00000004     coap_service_api.o (.data.coap_service_handle)
                  2000de8c    00000004     lto13 (.data.coap_ticks)
                  2000de90    00000004     dhcp_service_api.o (.data.dhcp_service)
                  2000de94    00000004     lto13 (.data.ecp_mpi_set1.one)
                  2000de98    00000004     lto13 (.data.fhss_api)
                  2000de9c    00000004     lto13 (.data.fhss_struct)
                  2000dea0    00000004     adaptation_interface.o (.data.global_adaptation_intf_ptr)
                  2000dea4    00000004     ws_pae_supp.o (.data.global_pae_supp)
                  2000dea8    00000004     lto13 (.data.heapmgrHeap)
                  2000deac    00000004     lto13 (.data.heapmgrHeapStore)
                  2000deb0    00000004     osal_port.o (.data.heapmgrMemFreeError)
                  2000deb4    00000004     osal_port.o (.data.heapmgrMemFreeTotal)
                  2000deb8    00000004     maclib_secure_cc13x2x7_tirtos7.a : fh_global.c.o (.data.macAddrSize)
                  2000debc    00000004                                      : mac_tx.c.o (.data.macCsmaRtcTimerId)
                  2000dec0    00000004     lto13 (.data.macEvents)
                  2000dec4    00000004     lto13 (.data.macSymbolWakeupClock)
                  2000dec8    00000004     lto13 (.data.macTaskEvents)
                  2000decc    00000004     lto13 (.data.mac_api)
                  2000ded0    00000004     lto13 (.data.mbed_mac_api)
                  2000ded4    00000004     lto13 (.data.mbedtls_calloc_func)
                  2000ded8    00000004     lto13 (.data.mbedtls_ecp_grp_id_list.init_done)
                  2000dedc    00000004     lto13 (.data.mbedtls_free_func)
                  2000dee0    00000004     lto13 (.data.ns_dyn_mem_rate_limiting_threshold)
                  2000dee4    00000004     lto13 (.data.ns_monitor_ptr)
                  2000dee8    00000004     ws_cfg_settings.o (.data.nw_size_external_cfg)
                  2000deec    00000004     protocol_stats.o (.data.nwk_stats_ptr)
                  2000def0    00000004     lto13 (.data.owner_count)
                  2000def4    00000004     lto13 (.data.pDeleteTimerEntries)
                  2000def8    00000004     macTask.o (.data.pMacCbackCheckPending)
                  2000defc    00000004     macTask.o (.data.pMacCbackQueryRetransmit)
                  2000df00    00000004     main.o (.data.pNV)
                  2000df04    00000004     lto13 (.data.pRandomSeedCB)
                  2000df08    00000004     api_mac.o (.data.pRxMPLCallback)
                  2000df0c    00000004     lto13 (.data.ref_num)
                  2000df10    00000004     lto13 (.data.rpl_alloc_limit)
                  2000df14    00000004     lto13 (.data.rpl_purge_threshold)
                  2000df18    00000004     wisun_tasklet.o (.data.statistics)
                  2000df1c    00000004     lto13 (.data.system_time_callback)
                  2000df20    00000004     lto13 (.data.terminatedList)
                  2000df24    00000004     maclib_secure_cc13x2x7_tirtos7.a : hmac_global.c.o (.data.ti154stack_lib_date)
                  2000df28    00000004                                      : hmac_global.c.o (.data.ti154stack_lib_time)
                  2000df2c    00000004                                      : hmac_global.c.o (.data.ti154stack_lib_version)
                  2000df30    00000004     ti_sysbios_config.o (.data.ti_sysbios_runtime_Memory_defaultHeapInstance)
                  2000df34    00000004     api_mac.o (.data.timac_one_second_timeout)
                  2000df38    00000004     lto13 (.data.wisun_certificates_ptr)
                  2000df3c    00000004     lto13 (.data.wisun_tasklet_data_ptr)
                  2000df40    00000004     lto13 (.data.ws_bootstrap_eapol_congestion_get.red_info)
                  2000df44    00000004     lto13 (.data.ws_test_temporary_entry_lifetime)
                  2000df48    00000002     ws_bootstrap.o (.data.panid_list_clear_timeout_counter)
                  2000df4a    00000002     ws_bootstrap.o (.data.panid_list_clear_timeout_sec)
                  2000df4c    00000002     lto13 (.data.protocol_core_seconds_timer)
                  2000df4e    00000002     lto13 (.data.protocol_tick_update)
                  2000df50    00000002     lto13 (.data.rpl_policy_address_registration_timeout_value)
                  2000df52    00000002     lto13 (.data.rpl_policy_dao_initial_timeout_conf)
                  2000df54    00000002     lto13 (.data.rpl_policy_dio_validity_period_hysteresis)
                  2000df56    00000002     lto13 (.data.rpl_policy_etx_full_drop)
                  2000df58    00000002     lto13 (.data.rpl_policy_etx_full_forward)
                  2000df5a    00000002     lto13 (.data.rpl_policy_minimum_dao_target_refresh_conf)
                  2000df5c    00000002     lto13 (.data.ssl_preset_suiteb_curves)
                  2000df5e    00000002     mac_helper.o (.data.test_6lowpan_fragmentation_mtu_size_override)
                  2000df60    00000002     ws_common.o (.data.test_max_child_count_override)
                  2000df62    00000001     lto13 (.data.NVOCMP_failF)
                  2000df63    00000001     lto13 (.data._blocking)
                  2000df64    00000001     lto13 (.data._configured)
                  2000df65    00000001     lto13 (.data.appTaskId)
                  2000df66    00000001     rf_multiMode_cc13x2.a : rf_patch_cpe_prop.c.cc13x2.ticlang.o (.data.bPropPatchEntered)
                  2000df67    00000001     lto13 (.data.checkPending)
                  2000df68    00000001     lto13 (.data.clk0Fxn.first)
                  2000df69    00000001     application.o (.data.connectedFlg)
                  2000df6a    00000001     event.o (.data.curr_tasklet)
                  2000df6b    00000001     lto13 (.data.dhcpv6_socket_timeout_timer_active)
                  2000df6c    00000001     api_mac.o (.data.disableFrameCountChecking)
                  2000df6d    00000001     ws_bootstrap.o (.data.disable_pa_pc_after_join)
                  2000df6e    00000001     lto13 (.data.heapInitialize)
                  2000df6f    00000001     lto13 (.data.initCalled)
                  2000df70    00000001     application.o (.data.interface_id)
                  2000df71    00000001     ipv6_flow.o (.data.ipv6_flow_auto_label)
                  2000df72    00000001     lto13 (.data.isInitialized.443)
                  2000df73    00000001     lto13 (.data.isInitialized.444)
                  2000df74    00000001     lto13 (.data.isInitialized.445)
                  2000df75    00000001     lto13 (.data.isInitialized.462)
                  2000df76    00000001     lto13 (.data.isInitialized)
                  2000df77    00000001     lto13 (.data.kmp_instance_identifier)
                  2000df78    00000001     lto13 (.data.last_allocated_socket)
                  2000df79    00000001     lto13 (.data.last_sent_async_frame_type)
                  2000df7a    00000001     lto13 (.data.mac_data_poll_tasklet)
                  2000df7b    00000001     lto13 (.data.max_handshakes)
                  2000df7c    00000001     lto13 (.data.max_sessions)
                  2000df7d    00000001     lto13 (.data.mesh_initialized)
                  2000df7e    00000001     mld.o (.data.mld_querier)
                  2000df7f    00000001     lto13 (.data.mpl_timer2_running)
                  2000df80    00000001     main.o (.data.ncp_enabled)
                  2000df81    00000001     lto13 (.data.ns_timer_initialized)
                  2000df82    00000001     lto13 (.data.ns_timer_state)
                  2000df83    00000001     lto13 (.data.platform_timer_enable.initialized)
                  2000df84    00000001     protocol_core.o (.data.power_save_state)
                  2000df85    00000001     lto13 (.data.protocol_root_tasklet_ID)
                  2000df86    00000001     protocol_timer.o (.data.protocol_tick_handle_busy)
                  2000df87    00000001     protocol_timer.o (.data.protocol_timer_id)
                  2000df88    00000001     lto13 (.data.queryRetransmit)
                  2000df89    00000001     rpl_control.o (.data.rpl_better_parent_count)
                  2000df8a    00000001     lto13 (.data.rpl_policy_dao_retry_count_conf)
                  2000df8b    00000001     lto13 (.data.rpl_policy_force_tunnel_to_BR)
                  2000df8c    00000001     lto13 (.data.rpl_policy_mrhof_parent_set_size_conf)
                  2000df8d    00000001     lto13 (.data.rpl_policy_multicast_config_min_advertisment_count)
                  2000df8e    00000001     lto13 (.data.rpl_policy_parent_confirmation_req)
                  2000df8f    00000001     rpl_control.o (.data.sent_dao)
                  2000df90    00000001     application.o (.data.service_id)
                  2000df91    00000001     lto13 (.data.socket_event_handler)
                  2000df92    00000001     wisun_tasklet.o (.data.statistics_started)
                  2000df93    00000001     osal_port.o (.data.taskCnt)
                  2000df94    00000001     lto13 (.data.tasklet_id.1805)
                  2000df95    00000001     lto13 (.data.tasklet_id)
                  2000df96    00000001     lto13 (.data.test_drop_data_message)
                  2000df97    00000001     lto13 (.data.test_skip_first_init_response)
                  2000df98    00000001     ti_sysbios_config.o (.data.ti_sysbios_knl_Idle_initDone)
                  2000df99    00000001     ti_sysbios_config.o (.data.ti_sysbios_runtime_Startup_done)
                  2000df9a    00000001     lto13 (.data.tick_timer_id)
                  2000df9b    00000001     api_mac.o (.data.timac_event_handler)
                  2000df9c    00000001     lto13 (.data.timeout_tasklet_id)
                  2000df9d    00000001     lto13 (.data.timer_initialized)
                  2000df9e    00000001     application.o (.data.toggler)
                  2000df9f    00000001     api_mac.o (.data.tx_packet_num)

.ramVecs   0    2000e000    000000d8     UNINITIALIZED
                  2000e000    000000d8     ti_sysbios_config.o (.ramVecs)

.sysmem    0    2000e0d8    00000000     UNINITIALIZED

.nonretenvar 
*          0    2000e0d8    00000000     UNINITIALIZED

.stack     0    200239c0    00000640     UNINITIALIZED
                  200239c0    00000004     sysbios.a : boot_cortex_m.c.obj (.stack)
                  200239c4    0000063c     --HOLE--

__llvm_prf_cnts 
*          0    20000000    00000000     UNINITIALIZED

__llvm_prf_bits 
*          0    20000000    00000000     UNINITIALIZED

.TI.bound:dmaUart0RxControlTableEntry 
*          0    20001810    00000010     UNINITIALIZED
                  20001810    00000010     lto13 (.TI.bound:dmaUart0RxControlTableEntry)

.TI.bound:dmaUart0TxControlTableEntry 
*          0    20001820    00000010     UNINITIALIZED
                  20001820    00000010     lto13 (.TI.bound:dmaUart0TxControlTableEntry)

.args      0    0000340c    00000008     
                  0000340c    00000008     --HOLE-- [fill = 0]

.text.1    0    00003420    0007f318     
                  00003420    00000996     sha256.o (.text.mbedtls_internal_sha256_process)
                  00003db6    00000980     lto13 (.text.mpi_mul_hlp)
                  00004736    0000074a     lto13 (.text.ssl_parse_client_hello)
                  00004e80    00000700     lto13 (.text.sn_coap_parser_options_parse)
                  00005580    00000678     ipv6.o (.text.ipv6_forwarding_up)
                  00005bf8    00000672     lto13 (.text.ecp_mod_p256)
                  0000626a    0000060c     ssl_msg.o (.text.mbedtls_ssl_decrypt_buf)
                  00006876    00000002     ti_sysbios_config.o (.text.BIOS_nullFunc)
                  00006878    000005fc     ns_socket.o (.text.socket_buffer_sendmsg)
                  00006e74    000005a2     ti_sysbios_config.o (.text.ti_sysbios_runtime_System_doPrint)
                  00007416    00000552     ws_pae_key_storage.o (.text.ws_pae_key_storage_supp_write)
                  00007968    0000054e     lto13 (.text.ssl_parse_server_hello)
                  00007eb6    00000524     ipv6_fragmentation.o (.text.ipv6_frag_up)
                  000083da    00000508     rpl_downward.o (.text.rpl_instance_send_dao_update)
                  000088e2    000004fc     ws_bootstrap.o (.text.ws_bootstrap_init)
                  00008dde    00000002     ti_drivers_config.o (.text.Board_initHook)
                  00008de0    000004f8     maclib_secure_cc13x2x7_tirtos7.a : mac_rx.c.o (.text.macRxFrameIsr)
                  000092d8    000004f2     lto13 (.text.ccm_auth_crypt)
                  000097ca    000004d0     lto13 (.text.ipv6_setsockopt)
                  00009c9a    000004ce     ws_common.o (.text.ws_common_regulatory_domain_config)
                  0000a168    000004b6     ssl_msg.o (.text.mbedtls_ssl_encrypt_buf)
                  0000a61e    0000049e     bignum.o (.text.mbedtls_mpi_div_mpi)
                  0000aabc    00000490     rf_multiMode_cc13x2.a : RFCC26X2_multiMode.c.cc13x2.ticlang.o (.text.RF_fsmActiveState)
                  0000af4c    00000444     lto13 (.text.x509_crt_parse_der_core)
                  0000b390    00000442     sn_coap_builder.o (.text.sn_coap_builder_calc_needed_packet_data_size_2)
                  0000b7d2    0000042e     lto13 (.text.ssl_populate_transform)
                  0000bc00    000003fc     x509_crl.o (.text.mbedtls_x509_crl_parse_der)
                  0000bffc    000003e6     lto13 (.text.rpl_data_exthdr_provider_hbh_2)
                  0000c3e2    000003dc     cipv6_fragmenter.o (.text.cipv6_frag_reassembly)
                  0000c7be    000003d6     rpl_upward.o (.text.rpl_instance_run_parent_selection)
                  0000cb94    000003c2     mac_settings.o (.text.rfSetConfigSubG)
                  0000cf56    000003b6     rpl_control.o (.text.rpl_control_transmit_dio)
                  0000d30c    000003ae     lto13 (.text.compress_ipv6)
                  0000d6ba    000003a8     lto13 (.text.rpl_control_dio_handler)
                  0000da62    000003a4     bignum.o (.text.mbedtls_mpi_inv_mod)
                  0000de06    000003a0     protocol_core.o (.text.core_timer_event_handle)
                  0000e1a6    00000386     adaptation_interface.o (.text.lowpan_adaptation_interface_tx)
                  0000e52c    00000382     lto13 (.text.ws_bootstrap_event_handler)
                  0000e8ae    00000362     lto13 (.text.ssl_parse_server_key_exchange)
                  0000ec10    0000035e     lto13 (.text.ecp_double_jac)
                  0000ef6e    00000002     maclib_secure_cc13x2x7_tirtos7.a : fh_util.c.o (.text.FHUTIL_noAction)
                  0000ef70    0000035a     lto13 (.text.processIncomingICallMsg)
                  0000f2ca    00000002     drivers_cc13x2x7.a : LED.c.obj (.text.LED_init)
                  0000f2cc    0000034a     iphc_decompress.o (.text.iphc_header_scan)
                  0000f616    00000002     rf_multiMode_cc13x2.a : rfc.c.cc13x2.ticlang.o (.text.NOROM_RFCCpePatchReset)
                  0000f618    00000338     maclib_secure_cc13x2x7_tirtos7.a : mac_radio_tx.c.o (.text.macRadioTxGo)
                  0000f950    00000332     lto13 (.text.ws_bootstrap_pan_config_analyse)
                  0000fc82    00000330     ipv6.o (.text.ipv6_down)
                  0000ffb2    0000032e     api_mac.o (.text.timac_handle_RX_MPL)
                  000102e0    0000032e     lto13 (.text.ws_llc_data_indication_cb)
                  0001060e    00000328     lto13 (.text.ssl_write_client_hello)
                  00010936    0000031e     icmpv6.o (.text.icmpv6_build_na)
                  00010c54    0000031c     lto13 (.text.ecp_add_mixed)
                  00010f70    0000031a     cipher.o (.text.mbedtls_cipher_update)
                  0001128a    0000030c     mpl.o (.text.mpl_control_handler)
                  00011596    00000304     ipv6.o (.text.ipv6_buffer_route_to)
                  0001189a    000002f2     lto13 (.text.macTaskFxn)
                  00011b8c    000002f0     lto13 (.text.poly1305_process)
                  00011e7c    000002ea     ws_pae_supp.o (.text.ws_pae_supp_init)
                  00012166    000002e6     adaptation_interface.o (.text.lowpan_adaptation_interface_tx_confirm)
                  0001244c    000002e2     lto13 (.text.ws_llc_mac_confirm_cb)
                  0001272e    00000012     maclib_secure_cc13x2x7_tirtos7.a : fh_util.c.o (.text.FHUTIL_getElapsedTime)
                  00012740    000002dc     libc.a : strcmp_t2.S.obj (.text:strcmp)
                  00012a1c    000002da     ws_cfg_settings.o (.text.ws_cfg_network_size_set)
                  00012cf6    000002d8     rpl_data.o (.text.rpl_data_process_routing_header)
                  00012fce    000002d4     application.o (.text.nanostackNetworkHandler)
                  000132a2    000002d4     lto13 (.text.ssl_prepare_server_key_exchange)
                  00013576    00000002     rf_multiMode_cc13x2.a : RFCC26X2_multiMode.c.cc13x2.ticlang.o (.text.RF_defaultCallback)
                  00013578    000002c8     maclib_secure_cc13x2x7_tirtos7.a : fh_api.c.o (.text.FHAPI_completeRxCb)
                  00013840    000002c8     lto13 (.text.rxPayloadIsr)
                  00013b08    000002c4     ws_bootstrap.o (.text.ws_bootstrap_trickle_timer)
                  00013dcc    000002c2     lto13 (.text.mpl_exthdr_provider)
                  0001408e    000002c2     lto13 (.text.ws_llc_lowpan_mpx_data_request)
                  00014350    000002bc     lto13 (.text.NVOCMP_initNv)
                  0001460c    000002bc     lto13 (.text.supp_fwh_sec_prot_state_machine)
                  000148c8    000002b8     lto13 (.text.NVOCMP_compact)
                  00014b80    000002b8     lto13 (.text._pconv_a)
                  00014e38    000002b6     protocol_stats.o (.text.protocol_stats_update)
                  000150ee    00000002     libclang_rt.builtins.a : aeabi_div0.c.obj (.text.__aeabi_ldiv0)
                  000150f0    000002b4     maclib_secure_cc13x2x7_tirtos7.a : mac_hl_patch.c.o (.text.macBuildHeader)
                  000153a4    000002b2     lto13 (.text.ws_pae_controller_nw_key_check_and_insert)
                  00015656    000002b2     ws_pae_supp.o (.text.ws_pae_supp_slow_timer)
                  00015908    000002ac     maclib_secure_cc13x2x7_tirtos7.a : fh_ie.c.o (.text.FHIE_parsePie)
                  00015bb4    000002aa     lto13 (.text.sn_coap_builder_options_calculate_jump_need)
                  00015e5e    000002aa     lto13 (.text.ssl_write_server_hello)
                  00016108    000002a8     rf_multiMode_cc13x2.a : RFCC26X2_multiMode.c.cc13x2.ticlang.o (.text.RF_open)
                  000163b0    000002a2     lto13 (.text.x509_get_crt_ext)
                  00016652    000002a0     lto13 (.text.ssl_parse_certificate_verify)
                  000168f2    0000029c     ns_address_internal.o (.text.addr_select_source)
                  00016b8e    00000002     libc.a : _lock.c.obj (.text._nop)
                  00016b90    0000029c     lto13 (.text.supp_eap_tls_sec_prot_state_machine)
                  00016e2c    0000029a     icmpv6.o (.text.icmpv6_build_ns)
                  000170c6    0000029a     lto13 (.text.ws_pae_controller_frame_counter_store)
                  00017360    0000028e     dhcp_service_api.o (.text.dhcp_service_init)
                  000175ee    0000028e     lto13 (.text.ecp_normalize_jac_many)
                  0001787c    00000284     nist_kw.o (.text.mbedtls_nist_kw_unwrap)
                  00017b00    0000027e     lto13 (.text.mlme_req)
                  00017d7e    0000027c     ws_common.o (.text.ws_common_channel_number_calc)
                  00017ffa    0000027a     lto13 (.text.ipv6_consider_forwarding_unicast_packet)
                  00018274    00000274     maclib_secure_cc13x2x7_tirtos7.a : fh_ie_patch.c.o (.text.FHIE_genPieContent)
                  000184e8    00000270     lto13 (.text.ecdsa_sign_restartable)
                  00018758    00000270     lto13 (.text.macRadioTxEDFEEfrm)
                  000189c8    00000270     lto13 (.text.tls_sec_prot_lib_configure_certificates)
                  00018c38    0000026e     ws_ie_lib.o (.text.ws_wp_nested_us_read)
                  00018ea6    0000026c     lto13 (.text.NVOCMP_writeItem)
                  00019112    0000026a     lto13 (.text.ecp_double_add_mxz)
                  0001937c    00000266     ipv6.o (.text.ipv6_forwarding_down)
                  000195e2    00000264     udp.o (.text.udp_up)
                  00019846    00000262     lto13 (.text.icmpv6_ns_handler)
                  00019aa8    00000260     dhcpv6_client_service.o (.text.dhcp_client_get_global_address)
                  00019d08    0000025e     nist_kw.o (.text.mbedtls_nist_kw_wrap)
                  00019f66    00000002     lto13 (.text.emptyClockFunc)
                  00019f68    0000025c     maclib_secure_cc13x2x7_tirtos7.a : mac.c.o (.text.macRxCb)
                  0001a1c4    00000258     lto13 (.text.decompress_ipv6)
                  0001a41c    00000258     base64.o (.text.mbedtls_base64_decode)
                  0001a674    00000258     mpl.o (.text.mpl_domain_create)
                  0001a8cc    00000254     nd_router_object.o (.text.nd_ns_aro_handler)
                  0001ab20    00000252     lto13 (.text.compress_exthdr)
                  0001ad72    00000252     lto13 (.text.ssl_parse_certificate_verify.2104)
                  0001afc4    00000004     maclib_secure_cc13x2x7_tirtos7.a : fh_ie_patch.c.o (.text.FHDATA_getASYNCDelay)
                  0001afc8    00000248     lto13 (.text.ws_neighbor_entry_nud_notify)
                  0001b210    00000246     sha256.o (.text.mbedtls_sha256_finish_ret)
                  0001b456    00000246     ws_cfg_settings.o (.text.ws_cfg_phy_set)
                  0001b69c    00000242     coap_message_handler.o (.text.coap_message_handler_coap_msg_process)
                  0001b8de    00000242     ipv6_routing_table.o (.text.ipv6_route_add_metric)
                  0001bb20    00000242     lto13 (.text.rpl_of0_select_preferred_parent)
                  0001bd62    0000023e     lto13 (.text.ws_llc_mpx_eapol_request)
                  0001bfa0    0000023a     ws_pae_key_storage.o (.text.ws_pae_key_storage_read)
                  0001c1da    00000006     drivers_cc13x2x7.a : AESCBCCC26XX.c.obj (.text.AESCBC_oneStepDecrypt)
                  0001c1e0    00000238     lto13 (.text._pconv_g)
                  0001c418    00000232     application.o (.text.mainThread)
                  0001c64a    00000232     ws_bootstrap.o (.text.ws_bootstrap_seconds_timer)
                  0001c87c    00000230     dhcp_service_api.o (.text.recv_dhcp_relay_msg)
                  0001caac    00000230     lto13 (.text.ssl_write_client_key_exchange)
                  0001ccdc    0000022a     dhcp_service_api.o (.text.dhcp_service_send_message)
                  0001cf06    00000228     lto13 (.text.rpl_mrhof_select_best_parent)
                  0001d12e    00000228     lto13 (.text.ssl_write_certificate_request)
                  0001d356    00000226     lto13 (.text.pk_parse_key_sec1_der)
                  0001d57c    00000224     lto13 (.text.NVOCMP_findItem)
                  0001d7a0    00000224     lto13 (.text.sn_coap_builder_options_build)
                  0001d9c4    00000222     lto13 (.text.block_cipher_df)
                  0001dbe6    00000222     rpl_downward.o (.text.rpl_instance_dao_acked)
                  0001de08    00000222     lto13 (.text.ws_bootstrap_asynch_ind)
                  0001e02a    00000220     lto13 (.text.ns_mem_internal_alloc)
                  0001e24a    0000021e     lto13 (.text.ws_llc_eapol_indication_cb)
                  0001e468    00000218     gcm.o (.text.mbedtls_gcm_starts)
                  0001e680    00000216     6lowpan_iphc.o (.text.lowpan_down)
                  0001e896    00000214     mpl.o (.text.mpl_forwarder_process_message)
                  0001eaaa    00000214     lto13 (.text.sn_coap_parser_options_parse_multiple_options)
                  0001ecbe    00000212     lto13 (.text.compress_addr)
                  0001eed0    00000212     kmp_api.o (.text.kmp_api_create)
                  0001f0e2    00000212     lto13 (.text.ssl_parse_client_key_exchange)
                  0001f2f4    00000210     api_mac.o (.text.timacConvertKeyDescriptor)
                  0001f504    0000020e     lto13 (.text.gcm_mult)
                  0001f712    0000020e     ssl_msg.o (.text.mbedtls_ssl_write_record)
                  0001f920    0000020c     coap_message_handler.o (.text.coap_message_handler_request_send)
                  0001fb2c    00000208     icmpv6.o (.text.icmpv6_error)
                  0001fd34    00000200     lto13 (.text.ipv6_handle_options)
                  0001ff34    00000200     libc.a : _printfi.c.obj (.text:__TI_printfi)
                  00020134    000001fc     mld.o (.text.mld_build)
                  00020330    000001fc     lto13 (.text.ssl_parse_certificate_request)
                  0002052c    000001fc     ws_ie_lib.o (.text.ws_wp_nested_bs_read)
                  00020728    000001fa     lto13 (.text.NVOCMP_compactPage)
                  00020922    000001f8     pem.o (.text.mbedtls_pem_read_buffer)
                  00020b1a    000001f6     ns_address_internal.o (.text.addr_select_with_prefix)
                  00020d10    000001f6     cipher.o (.text.mbedtls_cipher_auth_decrypt)
                  00020f06    00000002     lto13 (.text.errorSpin)
                  00020f08    000001f4     maclib_secure_cc13x2x7_tirtos7.a : mac.c.o (.text.macSendReceiveCmdSubG)
                  000210fc    000001f4     ti_sysbios_config.o (.text.ti_sysbios_family_arm_m3_Hwi_excFillContext)
                  000212f0    000001f2     lto13 (.text.coap_msg_process_callback)
                  000214e2    000001f0     lto13 (.text.ssl_parse_certificate_chain)
                  000216d2    00000006     drivers_cc13x2x7.a : AESCBCCC26XX.c.obj (.text.AESCBC_oneStepEncrypt)
                  000216d8    000001f0     ti_sysbios_config.o (.text.ti_sysbios_runtime_System_printfExtend)
                  000218c8    000001ec     eapol_helper.o (.text.eapol_write_pdu_frame)
                  00021ab4    000001ea     lto13 (.text.ecp_precompute_comb)
                  00021c9e    00000002     maclib_secure_cc13x2x7_tirtos7.a : mac_mgmt.c.o (.text.macDefaultAction)
                  00021ca0    000001e8     rf_multiMode_cc13x2.a : RFCC26X2_multiMode.c.cc13x2.ticlang.o (.text.RF_scheduleCmd)
                  00021e88    000001e8     lto13 (.text.compress_udp)
                  00022070    000001e8     pkparse.o (.text.mbedtls_pk_parse_key)
                  00022258    000001e6     bignum.o (.text.mbedtls_mpi_read_string)
                  0002243e    000001e4     lto13 (.text.ecp_mul_comb)
                  00022622    000001e2     lto13 (.text.ns_mem_free_and_merge_with_adjacent_blocks)
                  00022804    000001e2     rpl_upward.o (.text.rpl_instance_dio_trigger)
                  000229e6    000001e2     lto13 (.text.ws_bootstrap_rpl_callback)
                  00022bc8    000001e2     ws_common.o (.text.ws_generate_channel_list)
                  00022daa    00000002     maclib_secure_cc13x2x7_tirtos7.a : mac_low_level.c.o (.text.macLowLevelDiags)
                  00022dac    000001e0                                      : fh_ie_patch.c.o (.text.FHIE_extractPie)
                  00022f8c    000001de     lto13 (.text.ws_rpl_new_parent_callback)
                  0002316a    00000002     maclib_secure_cc13x2x7_tirtos7.a : mac_low_level.c.o (.text.macLowLevelReset)
                  0002316c    000001dc     rf_multiMode_cc13x2.a : RFCC26X2_multiMode.c.cc13x2.ticlang.o (.text.RF_dispatchNextCmd)
                  00023348    000001dc     maclib_secure_cc13x2x7_tirtos7.a : mac_radio.c.o (.text.macRadioInitSubG)
                  00023524    000001dc     lto13 (.text.ws_bootstrap_pan_advertisement_analyse)
                  00023700    000001da     chacha20.o (.text.mbedtls_chacha20_update)
                  000238da    000001da     lto13 (.text.ws_bootstrap_up)
                  00023ab4    000001d8     socket_api.o (.text.socket_recvmsg)
                  00023c8c    000001d6     ipv6_routing_table.o (.text.ipv6_route_choose_next_hop)
                  00023e62    000001d4     coap_service_api.o (.text.coap_service_initialize)
                  00024036    000001d4     lto13 (.text.ecdsa_verify_restartable)
                  0002420a    000001d2     ti_drivers_config.o (.text.rfDriverCallbackAntennaSwitching)
                  000243dc    000001d2     lto13 (.text.ssl_write_certificate_verify)
                  000245ae    000001d0     dhcpv6_client_service.o (.text.dhcpv6_renew)
                  0002477e    000001ce     icmpv6.o (.text.icmpv6_up)
                  0002494c    000001ce     dhcp_service_api.o (.text.recv_dhcp_server_msg)
                  00024b1a    000001ce     lto13 (.text.x509_get_certificate_policies)
                  00024ce8    000001ca     lto13 (.text.secure_session_create)
                  00024eb2    000001c8     lto13 (.text.ws_bootstrap_neighbor_table_clean)
                  0002507a    000001c6     dhcpv6_client_service.o (.text.dhcp_solicit_resp_cb)
                  00025240    000001c6     lto13 (.text.gcm_gen_table)
                  00025406    000001c6     lto13 (.text.sn_coap_parser_options_count_needed_memory_multiple_option)
                  000255cc    000001c6     lto13 (.text.wisun_tasklet_configure_and_connect_to_network)
                  00025792    000001c4     coap_connection_handler.o (.text.coap_connection_handler_send_data)
                  00025956    000001c2     cipher.o (.text.mbedtls_cipher_finish)
                  00025b18    000001be     lto13 (.text.ecp_mul_mxz)
                  00025cd6    00000002     maclib_secure_cc13x2x7_tirtos7.a : mac_mcu.c.o (.text.macMcuBitReverse)
                  00025cd8    000001bc                                      : mac_hl_patch.c.o (.text.MAC_McpsDataReq)
                  00025e94    000001bc     lto13 (.text.ws_generate_exluded_channel_list_from_active_channels)
                  00026050    000001ba     lto13 (.text.decompress_exthdr)
                  0002620a    000001ba     dhcp_service_api.o (.text.dhcp_service_delete)
                  000263c4    000001ba     lto13 (.text.ws_bootstrap_dhcp_info_notify_cb)
                  0002657e    000001ba     lto13 (.text.x509_crt_verify_chain)
                  00026738    000001b8     lto13 (.text.rpl_of0_parent_selection)
                  000268f0    000001b6     libclang_rt.builtins.a : adddf3.S.obj (.text.adddf3_subdf3)
                  00026aa6    000001b4     lto13 (.text.rpl_data_locate_info)
                  00026c5a    00000002     maclib_secure_cc13x2x7_tirtos7.a : mac_mgmt.c.o (.text.macNoAction)
                  00026c5c    000001b2     lto13 (.text.client_tls_sec_prot_state_machine)
                  00026e0e    000001b2     gcm.o (.text.mbedtls_gcm_update)
                  00026fc0    000001b2     ssl_tls.o (.text.mbedtls_ssl_psk_derive_premaster)
                  00027172    00000002     maclib_secure_cc13x2x7_tirtos7.a : mac_pwr.c.o (.text.macPwrVote)
                  00027174    000001b2     sn_coap_header_check.o (.text.sn_coap_header_validity_check)
                  00027326    00000002     maclib_secure_cc13x2x7_tirtos7.a : mac_radio.c.o (.text.macRadioSetRE)
                  00027328    000001b0                                      : fh_pib.c.o (.text.FHPIB_set)
                  000274d8    000001b0     lto13 (.text.ws_bootstrap_start_discovery)
                  00027688    000001ae     lto13 (.text.decompress_addr)
                  00027836    000001ac     lto13 (.text.x509_get_other_name)
                  000279e2    00000002     maclib_secure_cc13x2x7_tirtos7.a : mac_radio_tx.c.o (.text.macRadioTxCancelTxAck)
                  000279e4    000001aa     ns_trace.o (.text.ns_trace_vprintf)
                  00027b8e    000001aa     lto13 (.text.rpl_instance_choose_target_to_assign)
                  00027d38    000001aa     ti_sysbios_config.o (.text.ti_sysbios_knl_TaskSupport_buildTaskStack)
                  00027ee2    000001aa     lto13 (.text.ws_fhss_initialize)
                  0002808c    000001a8     sha1.o (.text.mbedtls_sha1_finish_ret)
                  00028234    000001a8     lto13 (.text.x509_get_subject_alt_name)
[...]
0007d8dd  NOROM_OSCHF_TurnOnXosc                                          
0007d901  PowerCC26X2_getOscHfSourceReady                                 
0007d9b5  Power_registerNotify                                            
0007e225  ti_sysbios_family_arm_cc26xx_Timer_Params_init                  
0007e249  ti_sysbios_knl_Clock_delete                                     
0007e26d  ti_sysbios_knl_Semaphore_delete                                 
0007e291  ti_sysbios_knl_Task_delete                                      
0007e3d5  BIOS_setThreadType                                              
0007e43b  List_get                                                        
0007e8bf  ti_sysbios_knl_Clock_getTicks                                   
0007e8e1  ti_sysbios_knl_Clock_scheduleNextTick                           
0007e903  ti_sysbios_knl_Queue_dequeue                                    
0007e925  ti_sysbios_knl_Semaphore_destruct                               
0007ead5  NOROM_RFCDoorbellSendTo                                         
0007eaf5  NOROM_RFCOverrideSearch                                         
0007eb15  NOROM_ThisLibraryIsFor_CC13x2x7_CC26x2x7_HaltIfViolated         
0007eb55  PowerCC26X2_disableTCXOQual                                     
0007eb75  PowerCC26X2_enableTCXOQual                                      
0007eb95  PowerCC26XX_schedulerDisable                                    
0007ebb5  PowerCC26XX_schedulerRestore                                    
0007ebd5  Power_unregisterNotify                                          
0007ec15  RF_getRssi                                                      
0007ec75  RF_setTxPower                                                   
0007ec95  SystemP_vsnprintf                                               
0007ecb5  __aeabi_ui2d                                                    
0007ecb5  __floatunsidf                                                   
0007ef95  ti_sysbios_family_arm_cc26xx_Timer_postInit                     
0007efb5  ti_sysbios_family_arm_m3_Hwi_excHandler                         
0007efd5  ti_sysbios_family_arm_m3_Hwi_post                               
0007eff5  ti_sysbios_heaps_HeapCallback_alloc                             
0007f015  ti_sysbios_knl_ClockSupport_getCurrentTick                      
0007f035  ti_sysbios_runtime_Error_check                                  
0007f055  ti_sysbios_runtime_System_vsnprintf                             
0007f153  SwiP_Params_init                                                
0007f3e7  sem_wait                                                        
0007f4d7  ti_sysbios_family_arm_m3_Hwi_Params_init                        
0007f4f5  ti_sysbios_family_arm_m3_Hwi_switchAndRunFunc                   
0007f513  ti_sysbios_knl_Swi_Params_init                                  
0007f531  ti_sysbios_knl_Task_unblock                                     
0007f5e1  HwiP_Params_init                                                
0007f635  Power_getTransitionLatency                                      
0007f689  RF_powerConstraintSet                                           
0007fa09  ti_sysbios_family_arm_cc26xx_Timer_dynamicStub                  
0007fa25  ti_sysbios_knl_Clock_Instance_finalize                          
0007fa41  ti_sysbios_knl_Clock_enqueueI                                   
0007fa5d  ti_sysbios_knl_Clock_start                                      
0007fa79  ti_sysbios_knl_Queue_remove                                     
0007fa95  ti_sysbios_knl_Swi_disable                                      
0007fab1  ti_sysbios_knl_Task_block                                       
0007facd  ti_sysbios_knl_Task_disable                                     
0007fbfd  BIOS_exitFunc                                                   
0007ff09  sem_post                                                        
0007ff3d  ti_sysbios_heaps_HeapCallback_free                              
0007ff57  ti_sysbios_knl_Semaphore_Instance_finalize                      
0008013d  BIOS_exit                                                       
00080215  PowerCC26XX_calibrate                                           
0008022d  Power_idleFunc                                                  
00080245  RF_ScheduleCmdParams_init                                       
0008025d  RF_cancelCmd                                                    
0008067d  ti_sysbios_family_arm_cc26xx_Timer_getCount64                   
00080695  ti_sysbios_family_arm_m3_Hwi_setFunc                            
000806ad  ti_sysbios_heaps_HeapCallback_Instance_init                     
000806c5  ti_sysbios_knl_ClockSupport_setNextTick                         
000806dd  ti_sysbios_knl_TaskSupport_glue                                 
000806f5  ti_sysbios_runtime_System_abort                                 
000807b5  ClockP_Params_init                                              
000807e1  List_clearList                                                  
00080823  RF_ratCompare                                                   
00080ba9  ti_sysbios_family_arm_m3_Hwi_switchFromBootStack                
00080bbf  ti_sysbios_heaps_HeapCallback_getStats                          
00080beb  ti_sysbios_knl_Queue_construct                                  
00080c01  ti_sysbios_knl_Queue_empty                                      
00080c17  ti_sysbios_runtime_System_exit                                  
00080c81  Board_init                                                      
00080c95  ClockP_delete                                                   
00080ca9  ClockP_setTimeout                                               
00080d35  HwiP_setPriority                                                
00080d85  RF_flushCmd                                                     
00080d99  SemaphoreP_delete                                               
00080dad  SwiP_or                                                         
00080dd5  __aeabi_uldivmod                                                
00081145  ti_sysbios_knl_Swi_Instance_finalize                            
00081159  ti_sysbios_runtime_SystemSupport_putch                          
0008116d  ti_sysbios_runtime_System_printf_va                             
00081231  RF_getCmdOp                                                     
00081417  pthread_attr_setstacksize                                       
000814dd  ti_sysbios_family_arm_m3_Hwi_destruct                           
000814ef  ti_sysbios_family_arm_m3_Hwi_doSwiRestore                       
00081501  ti_sysbios_family_arm_m3_Hwi_doTaskRestore                      
00081513  ti_sysbios_heaps_HeapCallback_isBlocking                        
00081525  ti_sysbios_knl_Clock_Params_init                                
00081537  ti_sysbios_knl_Clock_tick                                       
00081549  ti_sysbios_knl_Queue_Instance_init                              
0008155b  ti_sysbios_knl_Semaphore_Params_init                            
0008156d  ti_sysbios_knl_Swi_enabled                                      
00081621  TI_memcpy_small                                                 
000816b5  BIOS_start                                                      
000816c5  ClockP_destruct                                                 
000816d5  ClockP_getTimeout                                               
000816e5  ClockP_isActive                                                 
000816f5  ClockP_start                                                    
00081705  ClockP_stop                                                     
00081765  HwiP_destruct                                                   
00081775  HwiP_disable                                                    
00081785  HwiP_enableInterrupt                                            
00081795  HwiP_post                                                       
000817a5  HwiP_restore                                                    
000817c5  NOROM_RFCCpeIntGetAndClear                                      
000817d5  NOROM_RFCHwIntGetAndClear                                       
00081805  PowerCC26X2_oscCtlClearXtal                                     
00081815  PowerCC26X2_prcmEnableCacheRetention                            
00081855  PowerCC26X2_switchToTCXO                                        
00081865  SemaphoreP_destruct                                             
00081875  SemaphoreP_post                                                 
00081885  SwiP_destruct                                                   
00081895  SwiP_disable                                                    
000818a5  SwiP_getTrigger                                                 
000818b5  SwiP_restore                                                    
00081995  malloc                                                          
000819e5  pthread_self                                                    
00081b05  ti_sysbios_family_arm_cc26xx_Timer_setPeriod                    
00081b15  ti_sysbios_knl_ClockSupport_getMaxTicks                         
00081b25  ti_sysbios_knl_Clock_destruct                                   
00081b35  ti_sysbios_knl_Clock_isActive                                   
00081b45  ti_sysbios_knl_Clock_removeI                                    
00081b55  ti_sysbios_knl_Clock_setTimeout                                 
00081b65  ti_sysbios_knl_Idle_loop                                        
00081b75  ti_sysbios_knl_Queue_destruct                                   
00081b85  ti_sysbios_knl_Queue_elemClear                                  
00081b95  ti_sysbios_runtime_SystemSupport_abort                          
00081ba5  ti_sysbios_runtime_SystemSupport_exit                           
00081c65  __TI_zero_init                                                  
00081c91  BIOS_linkedWithIncorrectBootLibrary                             
00081cf3  RF_RatConfigCompare_init                                        
00081d9b  rfDriverCallback                                                
00081e89  ti_sysbios_gates_GateMutexPri_Params_init                       
00081e97  ti_sysbios_knl_Clock_stop                                       
00081ecf  TI_memset_small                                                 
00081edd  __TI_decompress_none                                            
00081f0f  BIOS_getThreadType                                              
00081f1b  ClockP_getSystemTickPeriod                                      
00081f7d  PowerCC26X2_oscClockSourceGet                                   
00081f89  PowerCC26X2_setPeriphDeepSleepEnable                            
00081f95  PowerCC26X2_sysCtrlGetResetSource                               
00081fa1  PowerCC26X2_sysCtrlUpdateVoltageRegulator                       
00081fad  Power_getConstraintMask                                         
00081fb9  RF_Params_init                                                  
000821d5  ti_sysbios_knl_Queue_head                                       
000821e1  ti_sysbios_knl_Queue_next                                       
000821ed  ti_sysbios_knl_Queue_prev                                       
000821f9  ti_sysbios_knl_Swi_getTrigger                                   
00082205  ti_sysbios_knl_Swi_postInit                                     
00082211  ti_sysbios_knl_Swi_self                                         
0008221d  ti_sysbios_knl_Task_getArg1                                     
00082229  ti_sysbios_knl_Task_getEnv                                      
00082235  ti_sysbios_knl_Task_getPri                                      
00082241  ti_sysbios_knl_Task_self                                        
000822bb  PowerCC26X2_sysCtrlStandby                                      
000822c5  __aeabi_memset                                                  
000822c5  __aeabi_memset4                                                 
000822c5  __aeabi_memset8                                                 
00082455  ti_sysbios_heaps_HeapCallback_defaultCreate                     
00082487  ti_sysbios_knl_Swi_startup                                      
000824fd  Boot_trimDevice                                                 
00082505  ClockP_getSystemTicks                                           
00082535  PowerCC26X2_oschfTrySwitchToXosc                                
00082545  __aeabi_memclr                                                  
00082545  __aeabi_memclr4                                                 
00082545  __aeabi_memclr8                                                 
0008254d  _system_post_cinit                                              
00082555  _system_pre_init                                                
000825bd  ti_sysbios_family_arm_m3_Hwi_startup                            
000825c5  ti_sysbios_heaps_HeapCallback_init                              
000825cd  ti_sysbios_runtime_Startup_reset                                
000825d5  ti_sysbios_runtime_SysCallback_defaultAbort                     
000825dd  ti_sysbios_runtime_SysCallback_defaultExit                      
000825e5  ti_sysbios_runtime_SystemSupport_init                           
000825ed  ti_sysbios_runtime_SystemSupport_ready                          
000825f5  ti_sysbios_runtime_System_exitSpin                              
00082671  RF_RatConfigOutput_init                                         
0008267d  RF_runDirectCmd                                                 
00082683  RF_runImmediateCmd                                              
00082689  ResetISR                                                        
000826b5  NOROM_RFCOverrideUpdate                                         
000826bd  PowerCC26X2_oschfSwitchToRcosc                                  
000826c1  PowerCC26X2_sysCtrlIdle                                         
000826c5  PowerCC26X2_turnOnXosc                                          
000826c9  RF_defaultExecutionPolicy                                       
000826d1  __aeabi_memcpy                                                  
000826d1  __aeabi_memcpy4                                                 
000826d1  __aeabi_memcpy8                                                 
000826d5  __aeabi_memmove                                                 
000826d5  __aeabi_memmove4                                                
000826d5  __aeabi_memmove8                                                
00082725  ti_sysbios_knl_TaskSupport_getStackAlignment                    
00082729  ti_sysbios_runtime_Memory_getMaxDefaultTypeAlign                
0008272d  ti_sysbios_runtime_SysCallback_defaultReady                     
00082731  ti_sysbios_runtime_System_abortSpin                             
00082734  C$$EXIT                                                         
00082735  abort                                                           
00082bc8  __TI_Handler_Table_Base                                         
00082bd4  __TI_Handler_Table_Limit                                        
00082bfc  __TI_CINIT_Base                                                 
00082c2c  __TI_CINIT_Limit                                                
00082c2c  __TI_CINIT_Warm                                                 
000affa8  __ccfg                                                          
200008c0  ti_sysbios_knl_Idle_taskStack                                   
20000d68  _CIOBUF_                                                        
20000d68  __CIOBUF_                                                       
200010b0  trngCC26XXObjects                                               
2000158c  ti_sysbios_family_arm_m3_Hwi_dispatchTable                      
2000bea8  gpioCallbackFunctions                                           
2000bf24  gpioUserArgs                                                    
2000c088  ti_sysbios_knl_ClockSupport_timerStruct                         
2000c258  ti_sysbios_knl_Idle_taskStruct                                  
2000c598  aescbcCC26XXObjects                                             
2000c5d0  ti_sysbios_knl_Swi_readyQs                                      
2000c600  ti_sysbios_knl_Task_readyQs                                     
2000c660  aesecbCC26XXObjects                                             
2000c750  BIOS_heapCallbackObject                                         
2000c76c  BIOS_rtsGate                                                    
2000c7a0  aesccmCC26XXObjects                                             
2000c7e4  ti_sysbios_hal_Seconds_Module_state                             
2000c884  ti_sysbios_runtime_System_atexitHandlers                        
2000c904  PowerCC26XX_swiKey                                              
2000c908  PowerCC26XX_taskKey                                             
2000c90c  ti_sysbios_knl_Task_defaultStackHeap                            
2000c923  nvsCC26XXObjects                                                
2000cc58  PowerCC26X2_module                                              
2000d228  __TI_dtors_ptr                                                  
2000d22c  __TI_cleanup_ptr                                                
2000d2f4  gpioPinConfigs                                                  
2000d610  ti_sysbios_knl_Clock_Module_state                               
2000da9c  ti_sysbios_family_arm_m3_Hwi_Module_state                       
2000dad8  ti_sysbios_knl_Task_Module_state                                
2000db14  BIOS_Module_state                                               
2000db40  ti_sysbios_knl_Swi_Module_state                                 
2000dc6c  _hposcCoeffs                                                    
2000dcb0  ti_sysbios_family_arm_cc26xx_Timer_Module_state                 
2000dcbc  ti_sysbios_runtime_Error_ignore                                 
2000dcc8  ti_sysbios_runtime_System_Module_state                          
2000dce8  RFCC26XX_schedulerPolicy                                        
2000de30  ti_sysbios_gates_GateMutexPri_Module_state                      
2000de38  ti_sysbios_heaps_HeapCallback_Module_state                      
2000de40  ti_sysbios_knl_Semaphore_Module_state                           
2000df30  ti_sysbios_runtime_Memory_defaultHeapInstance                   
2000df98  ti_sysbios_knl_Idle_initDone                                    
2000df99  ti_sysbios_runtime_Startup_done                                 
2000e000  ti_sysbios_family_arm_m3_Hwi_ramVectors                         
2000e0d8  heapStart                                                       
200239c0  __stack                                                         
200239c0  heapEnd                                                         
20024000  __STACK_END                                                     
20024000  __STACK_TOP                                                     
ffffffff  __TI_pprof_out_hndl                                             
ffffffff  __TI_prof_data_size                                             
ffffffff  __TI_prof_data_start                                            
ffffffff  __binit__                                                       
ffffffff  __start___llvm_prf_bits                                         
ffffffff  __start___llvm_prf_cnts                                         
ffffffff  __stop___llvm_prf_bits                                          
ffffffff  __stop___llvm_prf_cnts                                          
ffffffff  binit                                                           
UNDEFED   ITM_flush                                                       
UNDEFED   ITM_restore                                                     
UNDEFED   __mpu_init                                                      

[539 symbols]
